// Jest Snapshot v1, https://goo.gl/fbAQLP

exports[`BalanceCard Testing SnapShot testing.... 1`] = `null`;
