// Jest Snapshot v1, https://goo.gl/fbAQLP

exports[`TotalSavings Card Testing SnapShot testing.... 1`] = `null`;
