// Jest Snapshot v1, https://goo.gl/fbAQLP

exports[`TotalInvestments Card Testing SnapShot testing.... 1`] = `null`;
