// Jest Snapshot v1, https://goo.gl/fbAQLP

exports[`TotalIncomes Card Testing SnapShot testing.... 1`] = `null`;
