// Jest Snapshot v1, https://goo.gl/fbAQLP

exports[`TotalExpenses Card Testing SnapShot testing.... 1`] = `null`;
