// Jest Snapshot v1, https://goo.gl/fbAQLP

exports[`About Page Testing SnapShot testing.... 1`] = `null`;
