// Jest Snapshot v1, https://goo.gl/fbAQLP

exports[`Dashboard  Page Testing SnapShot testing.... 1`] = `null`;
