// Jest Snapshot v1, https://goo.gl/fbAQLP

exports[`Home  Page Testing SnapShot testing.... 1`] = `null`;
