// Jest Snapshot v1, https://goo.gl/fbAQLP

exports[`LandingPage  Page Testing SnapShot testing.... 1`] = `null`;
