// Jest Snapshot v1, https://goo.gl/fbAQLP

exports[`Register Page Testing SnapShot testing.... 1`] = `null`;
