// Jest Snapshot v1, https://goo.gl/fbAQLP

exports[`ExpenseBudget Testing SnapShot testing.... 1`] = `null`;
