// Jest Snapshot v1, https://goo.gl/fbAQLP

exports[`InvestmentBudget Testing SnapShot testing.... 1`] = `null`;
