// Jest Snapshot v1, https://goo.gl/fbAQLP

exports[`SavingsBudget Testing SnapShot testing.... 1`] = `null`;
