// Jest Snapshot v1, https://goo.gl/fbAQLP

exports[`SetBudget Testing SnapShot testing.... 1`] = `null`;
