// Jest Snapshot v1, https://goo.gl/fbAQLP

exports[`DoughnutShow Testing SnapShot testing.... 1`] = `null`;
