// Jest Snapshot v1, https://goo.gl/fbAQLP

exports[`Form Testing SnapShot testing.... 1`] = `null`;
