// Jest Snapshot v1, https://goo.gl/fbAQLP

exports[`Messages Testing SnapShot testing.... 1`] = `null`;
