// Jest Snapshot v1, https://goo.gl/fbAQLP

exports[`TransactionsTracker Testing SnapShot testing.... 1`] = `null`;
