// Jest Snapshot v1, https://goo.gl/fbAQLP

exports[`TransactionsHistory Testing SnapShot testing.... 1`] = `null`;
