// Jest Snapshot v1, https://goo.gl/fbAQLP

exports[`TransactionsForm Testing SnapShot testing.... 1`] = `null`;
