// Jest Snapshot v1, https://goo.gl/fbAQLP

exports[`MainFooter Testing SnapShot testing.... 1`] = `null`;
