// Jest Snapshot v1, https://goo.gl/fbAQLP

exports[`MainHead Testing SnapShot testing.... 1`] = `null`;
