// Jest Snapshot v1, https://goo.gl/fbAQLP

exports[`Navbar Testing SnapShot testing.... 1`] = `null`;
